This is pdfTeX, Version 3.1415926-2.5-1.40.14 (MiKTeX 2.9 64-bit) (preloaded format=pdflatex 2014.12.1)  16 JUN 2015 08:03
entering extended mode
**caratula.tex
(C:\dev\git\PFC\latex\src\03\caratula.tex
LaTeX2e <2011/06/27>
Babel <v3.8m> and hyphenation patterns for english, afrikaans, ancientgreek, ar
abic, armenian, assamese, basque, bengali, bokmal, bulgarian, catalan, coptic, 
croatian, czech, danish, dutch, esperanto, estonian, farsi, finnish, french, ga
lician, german, german-x-2013-05-26, greek, gujarati, hindi, hungarian, iceland
ic, indonesian, interlingua, irish, italian, kannada, kurmanji, latin, latvian,
 lithuanian, malayalam, marathi, mongolian, mongolianlmc, monogreek, ngerman, n
german-x-2013-05-26, nynorsk, oriya, panjabi, pinyin, polish, portuguese, roman
ian, russian, sanskrit, serbian, slovak, slovenian, spanish, swedish, swissgerm
an, tamil, telugu, turkish, turkmen, ukenglish, ukrainian, uppersorbian, usengl
ishmax, welsh, loaded.

! LaTeX Error: Environment titlepage undefined.

See the LaTeX manual or LaTeX Companion for explanation.
Type  H <return>  for immediate help.
 ...                                              
                                                  
l.2 \begin{titlepage}
                     
Your command was ignored.
Type  I <command> <return>  to replace it with another command,
or  <return>  to continue without it.


! LaTeX Error: Missing \begin{document}.

See the LaTeX manual or LaTeX Companion for explanation.
Type  H <return>  for immediate help.
 ...                                              
                                                  
l.3 \begin{center}
                  
You're in trouble here.  Try typing  <return>  to proceed.
If that doesn't work, type  X <return>  to quit.


Overfull \hbox (20.0pt too wide) in paragraph at lines 3--3
[] 
 []

! Undefined control sequence.
l.5 \includegraphics
                    [width=0.15\textwidth]{logo_UNL}\\[1cm]
The control sequence at the end of the top line
of your error message was never \def'ed. If you have
misspelled it (e.g., `\hobx'), type `I' and the correct
spelling (e.g., `I\hbox'). Otherwise just continue,
and I'll forget about whatever was undefined.

Missing character: There is no [ in font nullfont!
Missing character: There is no w in font nullfont!
Missing character: There is no i in font nullfont!
Missing character: There is no d in font nullfont!
Missing character: There is no t in font nullfont!
Missing character: There is no h in font nullfont!
Missing character: There is no = in font nullfont!
Missing character: There is no 0 in font nullfont!
Missing character: There is no . in font nullfont!
Missing character: There is no 1 in font nullfont!
Missing character: There is no 5 in font nullfont!
! Missing number, treated as zero.
<to be read again> 
                   ]
l.5 \includegraphics[width=0.15\textwidth]
                                          {logo_UNL}\\[1cm]
A number should have been here; I inserted `0'.
(If you can't figure out why I needed to see a number,
look up `weird error' in the index to The TeXbook.)

! Illegal unit of measure (pt inserted).
<to be read again> 
                   ]
l.5 \includegraphics[width=0.15\textwidth]
                                          {logo_UNL}\\[1cm]
Dimensions can be in units of em, ex, in, pt, pc,
cm, mm, dd, cc, nd, nc, bp, or sp; but yours is a new one!
I'll assume that you meant to say pt, for printer's points.
To recover gracefully from this error, it's best to
delete the erroneous units; e.g., type `2' to delete
two letters. (See Chapter 27 of The TeXbook.)

Missing character: There is no ] in font nullfont!
Missing character: There is no l in font nullfont!
Missing character: There is no o in font nullfont!
Missing character: There is no g in font nullfont!
Missing character: There is no o in font nullfont!
! Missing $ inserted.
<inserted text> 
                $
l.5 \includegraphics[width=0.15\textwidth]{logo_
                                                UNL}\\[1cm]
I've inserted a begin-math/end-math symbol since I think
you left one out. Proceed, with fingers crossed.

LaTeX Font Info:    External font `cmex10' loaded for size
(Font)              <7> on input line 5.
LaTeX Font Info:    External font `cmex10' loaded for size
(Font)              <5> on input line 5.
! Extra }, or forgotten $.
l.5 ...udegraphics[width=0.15\textwidth]{logo_UNL}
                                                  \\[1cm]
I've deleted a group-closing symbol because it seems to be
spurious, as in `$x}$'. But perhaps the } is legitimate and
you forgot something else, as in `\hbox{$x}'. In such cases
the way to recover is to insert both the forgotten and the
deleted material, e.g., by typing `I$}'.


! LaTeX Error: There's no line here to end.

See the LaTeX manual or LaTeX Companion for explanation.
Type  H <return>  for immediate help.
 ...                                              
                                                  
l.5 ...egraphics[width=0.15\textwidth]{logo_UNL}\\
                                                  [1cm]
Your command was ignored.
Type  I <command> <return>  to replace it with another command,
or  <return>  to continue without it.

! Missing $ inserted.
<inserted text> 
                $
l.5 ...egraphics[width=0.15\textwidth]{logo_UNL}\\
                                                  [1cm]
I've inserted a begin-math/end-math symbol since I think
you left one out. Proceed, with fingers crossed.

! Missing } inserted.
<inserted text> 
                }
l.5 ...egraphics[width=0.15\textwidth]{logo_UNL}\\
                                                  [1cm]
I've inserted something that you may have forgotten.
(See the <inserted text> above.)
With luck, this will get me unwedged. But if you
really didn't forget anything, try typing `2' now; then
my insertion and my current dilemma will both disappear.


Overfull \hbox (22.62874pt too wide) in paragraph at lines 5--5
 $[]\OML/cmm/m/it/10 NL[]$ 
 []

! Undefined control sequence.
<recently read> \LARGE 
                       
l.7 ...sc{\LARGE Universidad Nacional del Litoral}
                                                  \\[0.4cm]
The control sequence at the end of the top line
of your error message was never \def'ed. If you have
misspelled it (e.g., `\hobx'), type `I' and the correct
spelling (e.g., `I\hbox'). Otherwise just continue,
and I'll forget about whatever was undefined.


Overfull \hbox (61.0275pt too wide) in paragraph at lines 7--7
 []\OT1/cmr/m/sc/10 Universidad 
 []


Overfull \hbox (18.04987pt too wide) in paragraph at lines 7--7
 \OT1/cmr/m/sc/10 Na- 
 []


Overfull \hbox (32.68874pt too wide) in paragraph at lines 7--7
 \OT1/cmr/m/sc/10 cional 
 []


Overfull \hbox (16.95547pt too wide) in paragraph at lines 7--7
 \OT1/cmr/m/sc/10 del 
 []


Overfull \hbox (39.41089pt too wide) in paragraph at lines 7--7
 \OT1/cmr/m/sc/10 Litoral 
 []

! Undefined control sequence.
l.8 {\LARGE
            Facultad de Ingenier√≠a y Ciencias H√≠dricas}\\[4.0cm]
The control sequence at the end of the top line
of your error message was never \def'ed. If you have
misspelled it (e.g., `\hobx'), type `I' and the correct
spelling (e.g., `I\hbox'). Otherwise just continue,
and I'll forget about whatever was undefined.

Missing character: There is no F in font nullfont!
Missing character: There is no a in font nullfont!
Missing character: There is no c in font nullfont!
Missing character: There is no u in font nullfont!
Missing character: There is no l in font nullfont!
Missing character: There is no t in font nullfont!
Missing character: There is no a in font nullfont!
Missing character: There is no d in font nullfont!
Missing character: There is no d in font nullfont!
Missing character: There is no e in font nullfont!
Missing character: There is no I in font nullfont!
Missing character: There is no n in font nullfont!
Missing character: There is no g in font nullfont!
Missing character: There is no e in font nullfont!
Missing character: There is no n in font nullfont!
Missing character: There is no i in font nullfont!
Missing character: There is no e in font nullfont!
Missing character: There is no r in font nullfont!
Missing character: There is no √ in font nullfont!
Missing character: There is no ≠ in font nullfont!
Missing character: There is no a in font nullfont!
Missing character: There is no y in font nullfont!
Missing character: There is no C in font nullfont!
Missing character: There is no i in font nullfont!
Missing character: There is no e in font nullfont!
Missing character: There is no n in font nullfont!
Missing character: There is no c in font nullfont!
Missing character: There is no i in font nullfont!
Missing character: There is no a in font nullfont!
Missing character: There is no s in font nullfont!
Missing character: There is no H in font nullfont!
Missing character: There is no √ in font nullfont!
Missing character: There is no ≠ in font nullfont!
Missing character: There is no d in font nullfont!
Missing character: There is no r in font nullfont!
Missing character: There is no i in font nullfont!
Missing character: There is no c in font nullfont!
Missing character: There is no a in font nullfont!
Missing character: There is no s in font nullfont!
! Undefined control sequence.
<recently read> \Large 
                       
l.10 \textsc{\Large Anteproyecto}
                                 \\[0.3cm]
The control sequence at the end of the top line
of your error message was never \def'ed. If you have
misspelled it (e.g., `\hobx'), type `I' and the correct
spelling (e.g., `I\hbox'). Otherwise just continue,
and I'll forget about whatever was undefined.


Overfull \hbox (73.16069pt too wide) in paragraph at lines 10--10
 []\OT1/cmr/m/sc/10 Anteproyecto 
 []

! Undefined control sequence.
<argument>  \LARGE 
                   An√°lisis e Implementaci√≥n de resolvedores lineales en G...
l.16 	    }
           
The control sequence at the end of the top line
of your error message was never \def'ed. If you have
misspelled it (e.g., `\hobx'), type `I' and the correct
spelling (e.g., `I\hbox'). Otherwise just continue,
and I'll forget about whatever was undefined.

Missing character: There is no √ in font cmbx10!
Missing character: There is no ° in font cmbx10!
Missing character: There is no √ in font cmbx10!
Missing character: There is no ≥ in font cmbx10!

Overfull \hbox (18.91656pt too wide) in paragraph at lines 16--16
 \OT1/cmr/bx/n/10 An- 
 []


Overfull \hbox (10.22217pt too wide) in paragraph at lines 16--16
 \OT1/cmr/bx/n/10 li- 
 []


Overfull \hbox (12.26657pt too wide) in paragraph at lines 16--16
 \OT1/cmr/bx/n/10 sis 
 []


Overfull \hbox (5.27081pt too wide) in paragraph at lines 16--16
 \OT1/cmr/bx/n/10 e 
 []


Overfull \hbox (17.77768pt too wide) in paragraph at lines 16--16
 \OT1/cmr/bx/n/10 Im- 
 []


Overfull \hbox (18.68741pt too wide) in paragraph at lines 16--16
 \OT1/cmr/bx/n/10 ple- 
 []


Overfull \hbox (45.6803pt too wide) in paragraph at lines 16--16
 \OT1/cmr/bx/n/10 mentacin 
 []


Overfull \hbox (11.65967pt too wide) in paragraph at lines 16--16
 \OT1/cmr/bx/n/10 de 
 []


Overfull \hbox (13.84023pt too wide) in paragraph at lines 16--16
 \OT1/cmr/bx/n/10 re- 
 []


Overfull \hbox (28.33456pt too wide) in paragraph at lines 16--16
 \OT1/cmr/bx/n/10 solve- 
 []


Overfull \hbox (26.68181pt too wide) in paragraph at lines 16--16
 \OT1/cmr/bx/n/10 dores 
 []


Overfull \hbox (16.61102pt too wide) in paragraph at lines 16--16
 \OT1/cmr/bx/n/10 lin- 
 []


Overfull \hbox (23.86235pt too wide) in paragraph at lines 16--16
 \OT1/cmr/bx/n/10 eales 
 []


Overfull \hbox (11.65967pt too wide) in paragraph at lines 16--16
 \OT1/cmr/bx/n/10 en 
 []


Overfull \hbox (42.65253pt too wide) in paragraph at lines 16--16
 \OT1/cmr/bx/n/10 GPGPU 
 []


Overfull \hbox (22.20125pt too wide) in paragraph at lines 16--16
 \OT1/cmr/bx/n/10 apli- 
 []


Overfull \hbox (14.53462pt too wide) in paragraph at lines 16--16
 \OT1/cmr/bx/n/10 ca- 
 []


Overfull \hbox (16.6749pt too wide) in paragraph at lines 16--16
 \OT1/cmr/bx/n/10 dos 
 []


Overfull \hbox (5.59023pt too wide) in paragraph at lines 16--16
 \OT1/cmr/bx/n/10 a 
 []


Overfull \hbox (30.84012pt too wide) in paragraph at lines 16--16
 \OT1/cmr/bx/n/10 Open- 
 []


Overfull \hbox (52.41638pt too wide) in paragraph at lines 16--16
 \OT1/cmr/bx/n/10 FOAM(R) 
 []

! Undefined control sequence.
l.21 \begin{flushleft} \large
                             
The control sequence at the end of the top line
of your error message was never \def'ed. If you have
misspelled it (e.g., `\hobx'), type `I' and the correct
spelling (e.g., `I\hbox'). Otherwise just continue,
and I'll forget about whatever was undefined.


Overfull \hbox (26.27063pt too wide) in paragraph at lines 22--22
\OT1/cmr/m/it/10 Autor  
 []

Missing character: There is no J in font nullfont!
Missing character: There is no u in font nullfont!
Missing character: There is no a in font nullfont!
Missing character: There is no n in font nullfont!
Missing character: There is no P in font nullfont!
Missing character: There is no a in font nullfont!
Missing character: There is no b in font nullfont!
Missing character: There is no l in font nullfont!
Missing character: There is no o in font nullfont!
Missing character: There is no A in font nullfont!
Missing character: There is no . in font nullfont!

Overfull \hbox (20.76651pt too wide) in paragraph at lines 23--23
\OT1/cmr/m/sc/10 Les- 
 []


Overfull \hbox (24.53323pt too wide) in paragraph at lines 23--23
\OT1/cmr/m/sc/10 cano  
 []

! Undefined control sequence.
l.27 \begin{flushright} \large
                              
The control sequence at the end of the top line
of your error message was never \def'ed. If you have
misspelled it (e.g., `\hobx'), type `I' and the correct
spelling (e.g., `I\hbox'). Otherwise just continue,
and I'll forget about whatever was undefined.


Overfull \hbox (36.73717pt too wide) in paragraph at lines 28--28
 \OT1/cmr/m/it/10 Director
 []

Missing character: There is no N in font nullfont!
Missing character: There is no o in font nullfont!
Missing character: There is no r in font nullfont!
Missing character: There is no b in font nullfont!
Missing character: There is no e in font nullfont!
Missing character: There is no r in font nullfont!
Missing character: There is no t in font nullfont!
Missing character: There is no o in font nullfont!

Overfull \hbox (14.93875pt too wide) in paragraph at lines 29--29
 \OT1/cmr/m/sc/10 Ni-
 []


Overfull \hbox (18.56657pt too wide) in paragraph at lines 29--29
 \OT1/cmr/m/sc/10 gro
 []


Overfull \hbox (46.33163pt too wide) in paragraph at lines 30--30
 []\OT1/cmr/m/it/10 Ayudantes
 []

Missing character: There is no M in font nullfont!
Missing character: There is no a in font nullfont!
Missing character: There is no g in font nullfont!
Missing character: There is no . in font nullfont!
Missing character: There is no I in font nullfont!
Missing character: There is no n in font nullfont!
Missing character: There is no g in font nullfont!
Missing character: There is no . in font nullfont!
Missing character: There is no J in font nullfont!
Missing character: There is no u in font nullfont!
Missing character: There is no a in font nullfont!
Missing character: There is no n in font nullfont!
Missing character: There is no M in font nullfont!
Missing character: There is no a in font nullfont!
Missing character: There is no r in font nullfont!
Missing character: There is no c in font nullfont!
Missing character: There is no e in font nullfont!
Missing character: There is no l in font nullfont!
Missing character: There is no o in font nullfont!

Overfull \hbox (41.31364pt too wide) in paragraph at lines 31--31
 \OT1/cmr/m/sc/10 Gimenez
 []

Missing character: There is no D in font nullfont!
Missing character: There is no r in font nullfont!
Missing character: There is no . in font nullfont!
Missing character: There is no I in font nullfont!
Missing character: There is no n in font nullfont!
Missing character: There is no g in font nullfont!
Missing character: There is no . in font nullfont!
Missing character: There is no S in font nullfont!
Missing character: There is no a in font nullfont!
Missing character: There is no n in font nullfont!
Missing character: There is no t in font nullfont!
Missing character: There is no i in font nullfont!
Missing character: There is no a in font nullfont!
Missing character: There is no g in font nullfont!
Missing character: There is no o in font nullfont!

Overfull \hbox (25.82204pt too wide) in paragraph at lines 32--33
 \OT1/cmr/m/sc/10 Mar-
 []


Overfull \hbox (23.08879pt too wide) in paragraph at lines 32--33
 \OT1/cmr/m/sc/10 quez
 []


Overfull \hbox (36.8887pt too wide) in paragraph at lines 32--33
 \OT1/cmr/m/sc/10 Damian
 []

! Undefined control sequence.
l.38 {\large
             Santa Fe, Argentina \\[0.4cm]
The control sequence at the end of the top line
of your error message was never \def'ed. If you have
misspelled it (e.g., `\hobx'), type `I' and the correct
spelling (e.g., `I\hbox'). Otherwise just continue,
and I'll forget about whatever was undefined.

Missing character: There is no S in font nullfont!
Missing character: There is no a in font nullfont!
Missing character: There is no n in font nullfont!
Missing character: There is no t in font nullfont!
Missing character: There is no a in font nullfont!
Missing character: There is no F in font nullfont!
Missing character: There is no e in font nullfont!
Missing character: There is no , in font nullfont!
Missing character: There is no A in font nullfont!
Missing character: There is no r in font nullfont!
Missing character: There is no g in font nullfont!
Missing character: There is no e in font nullfont!
Missing character: There is no n in font nullfont!
Missing character: There is no t in font nullfont!
Missing character: There is no i in font nullfont!
Missing character: There is no n in font nullfont!
Missing character: There is no a in font nullfont!
! Undefined control sequence.
l.39  \today
            }
The control sequence at the end of the top line
of your error message was never \def'ed. If you have
misspelled it (e.g., `\hobx'), type `I' and the correct
spelling (e.g., `I\hbox'). Otherwise just continue,
and I'll forget about whatever was undefined.


! LaTeX Error: \begin{document} ended by \end{titlepage}.

See the LaTeX manual or LaTeX Companion for explanation.
Type  H <return>  for immediate help.
 ...                                              
                                                  
l.42 \end{titlepage}
                    
Your command was ignored.
Type  I <command> <return>  to replace it with another command,
or  <return>  to continue without it.

)
! Emergency stop.
<*> caratula.tex
                
*** (job aborted, no legal \end found)

 
Here is how much of TeX's memory you used:
 20 strings out of 493921
 303 string characters out of 3147285
 51031 words of memory out of 3000000
 3410 multiletter control sequences out of 15000+200000
 4595 words of font info for 17 fonts, out of 3000000 for 9000
 841 hyphenation exceptions out of 8191
 18i,3n,12p,142b,217s stack positions out of 5000i,500n,10000p,200000b,50000s
!  ==> Fatal error occurred, no output PDF file produced!
