\BOOKMARK [1][-]{section.1}{Metodolog\355a}{}% 1
\BOOKMARK [2][-]{subsection.1.1}{An\341lisis y desarrollo de los m\351todos}{section.1}% 2
\BOOKMARK [2][-]{subsection.1.2}{Implementaci\363n y prueba de los m\351todos}{section.1}% 3
\BOOKMARK [2][-]{subsection.1.3}{Escritura del informe final y cierre}{section.1}% 4
\BOOKMARK [1][-]{section.2}{Plan de Tareas}{}% 5
\BOOKMARK [2][-]{subsection.2.1}{An\341lisis y desarrollo de los m\351todos}{section.2}% 6
\BOOKMARK [3][-]{subsubsection.2.1.1}{An\341lisis de los solvers de Paralution\251}{subsection.2.1}% 7
\BOOKMARK [3][-]{subsubsection.2.1.2}{Puesta en funcionamieto de los solvers de Paralution\251}{subsection.2.1}% 8
\BOOKMARK [3][-]{subsubsection.2.1.3}{Estudio del marco te\363rico de arquitecturas paralelas y OpenCL 2.0}{subsection.2.1}% 9
\BOOKMARK [3][-]{subsubsection.2.1.4}{An\341lisis del m\351todo PCG}{subsection.2.1}% 10
\BOOKMARK [3][-]{subsubsection.2.1.5}{Desarrollo del m\351todo PCG en OpenCL 2.0}{subsection.2.1}% 11
\BOOKMARK [3][-]{subsubsection.2.1.6}{Finalizar y Documentar la fase}{subsection.2.1}% 12
\BOOKMARK [2][-]{subsection.2.2}{Implementaci\363n y prueba de los m\351todos}{section.2}% 13
\BOOKMARK [3][-]{subsubsection.2.2.1}{Implementaci\363n}{subsection.2.2}% 14
\BOOKMARK [3][-]{subsubsection.2.2.2}{Prueba}{subsection.2.2}% 15
\BOOKMARK [3][-]{subsubsection.2.2.3}{Finalizar y Documentar la fase}{subsection.2.2}% 16
\BOOKMARK [2][-]{subsection.2.3}{Escritura del informe final y cierre}{section.2}% 17
\BOOKMARK [3][-]{subsubsection.2.3.1}{Documentaci\363n}{subsection.2.3}% 18
\BOOKMARK [3][-]{subsubsection.2.3.2}{Entrega del producto}{subsection.2.3}% 19
\BOOKMARK [2][-]{subsection.2.4}{Consideraciones}{section.2}% 20
\BOOKMARK [1][-]{section.3}{Cronograma}{}% 21
\BOOKMARK [1][-]{section.4}{Entregables}{}% 22
